// Jest Snapshot v1, https://goo.gl/fbAQLP

exports[`Logo Should Render 1`] = `
<img
  height={60}
  src="/static/images/logo.png"
/>
`;
