// Jest Snapshot v1, https://goo.gl/fbAQLP

exports[`Mixer for "live" and "static" data should work for "KeyPerformance" 1`] = `
Array [
  <div
    class="right"
    data-testid="card-title"
  >
    <h1
      class="h1-sc-1ivb2ca-0 performance_card__Title-sc-1b7j6s7-1 cIKajw"
      style="color: rgb(96, 157, 246);"
    >
      â‚¬0.57
    </h1>
    <span>
      Sales Volume
    </span>
  </div>,
  <div
    class="right"
    data-testid="card-title"
  >
    <h1
      class="h1-sc-1ivb2ca-0 performance_card__Title-sc-1b7j6s7-1 cIKajw"
      style="color: rgb(79, 89, 149);"
    >
      45
    </h1>
    <span>
      Transactions
    </span>
  </div>,
  <div
    class="right"
    data-testid="card-title"
  >
    <h1
      class="h1-sc-1ivb2ca-0 performance_card__Title-sc-1b7j6s7-1 cIKajw"
      style="color: rgb(4, 139, 133);"
    >
      32
    </h1>
    <span>
      Refunded Transactions
    </span>
  </div>,
  <div
    class="right"
    data-testid="card-title"
  >
    <h1
      class="h1-sc-1ivb2ca-0 performance_card__Title-sc-1b7j6s7-1 cIKajw"
      style="color: rgb(242, 121, 105);"
    >
      22
    </h1>
    <span>
      Chargebacks
    </span>
  </div>,
]
`;

exports[`Mixer for "live" and "static" data should work for "Todays Activity": render al series 1`] = `
<div>
  <div
    data-testid="0"
  >
    <span
      data-testid="today-0"
    >
      452.54
    </span>
    <span
      data-testid="selected-0"
    >
      45234.52
    </span>
  </div>
  <div
    data-testid="1"
  >
    <span
      data-testid="today-1"
    >
      1231.34
    </span>
    <span
      data-testid="selected-1"
    >
      453.53
    </span>
  </div>
  <div
    data-testid="2"
  >
    <span
      data-testid="today-2"
    >
      25.62
    </span>
    <span
      data-testid="selected-2"
    >
      4525.42
    </span>
  </div>
  <div
    data-testid="3"
  >
    <span
      data-testid="today-3"
    >
      52.45
    </span>
    <span
      data-testid="selected-3"
    >
      312.41
    </span>
  </div>
  <div
    data-testid="4"
  >
    <span
      data-testid="today-4"
    >
      6373.53
    </span>
    <span
      data-testid="selected-4"
    >
      121.41
    </span>
  </div>
  <div
    data-testid="5"
  >
    <span
      data-testid="today-5"
    >
      88984.56
    </span>
    <span
      data-testid="selected-5"
    >
      453.52
    </span>
  </div>
  <div
    data-testid="6"
  >
    <span
      data-testid="today-6"
    >
      453456.79
    </span>
    <span
      data-testid="selected-6"
    >
      24556.56
    </span>
  </div>
  <div
    data-testid="7"
  >
    <span
      data-testid="today-7"
    >
      3434.51
    </span>
    <span
      data-testid="selected-7"
    >
      234.52
    </span>
  </div>
  <div
    data-testid="8"
  >
    <span
      data-testid="today-8"
    >
      18
    </span>
    <span
      data-testid="selected-8"
    >
      5432.54
    </span>
  </div>
  <div
    data-testid="9"
  >
    <span
      data-testid="today-9"
    >
      84
    </span>
    <span
      data-testid="selected-9"
    >
      189.19
    </span>
  </div>
  <div
    data-testid="10"
  >
    <span
      data-testid="today-10"
    >
      218.82
    </span>
    <span
      data-testid="selected-10"
    >
      401.49
    </span>
  </div>
  <div
    data-testid="11"
  >
    <span
      data-testid="today-11"
    />
    <span
      data-testid="selected-11"
    >
      533.74
    </span>
  </div>
  <div
    data-testid="12"
  >
    <span
      data-testid="today-12"
    />
    <span
      data-testid="selected-12"
    >
      48
    </span>
  </div>
  <div
    data-testid="13"
  >
    <span
      data-testid="today-13"
    />
    <span
      data-testid="selected-13"
    >
      163.22
    </span>
  </div>
  <div
    data-testid="14"
  >
    <span
      data-testid="today-14"
    />
    <span
      data-testid="selected-14"
    >
      97.44
    </span>
  </div>
  <div
    data-testid="15"
  >
    <span
      data-testid="today-15"
    />
    <span
      data-testid="selected-15"
    >
      77.54
    </span>
  </div>
  <div
    data-testid="16"
  >
    <span
      data-testid="today-16"
    />
    <span
      data-testid="selected-16"
    >
      345.22
    </span>
  </div>
  <div
    data-testid="17"
  >
    <span
      data-testid="today-17"
    />
    <span
      data-testid="selected-17"
    >
      235624.56
    </span>
  </div>
  <div
    data-testid="18"
  >
    <span
      data-testid="today-18"
    />
    <span
      data-testid="selected-18"
    >
      54.14
    </span>
  </div>
  <div
    data-testid="19"
  >
    <span
      data-testid="today-19"
    />
    <span
      data-testid="selected-19"
    >
      35134.32
    </span>
  </div>
  <div
    data-testid="20"
  >
    <span
      data-testid="today-20"
    />
    <span
      data-testid="selected-20"
    >
      0
    </span>
  </div>
  <div
    data-testid="21"
  >
    <span
      data-testid="today-21"
    />
    <span
      data-testid="selected-21"
    >
      0
    </span>
  </div>
  <div
    data-testid="22"
  >
    <span
      data-testid="today-22"
    />
    <span
      data-testid="selected-22"
    >
      0
    </span>
  </div>
  <div
    data-testid="23"
  >
    <span
      data-testid="today-23"
    />
    <span
      data-testid="selected-23"
    >
      0
    </span>
  </div>
</div>
`;
