// Jest Snapshot v1, https://goo.gl/fbAQLP

exports[`Input Should Render 1`] = `
<div
  className="field_wrapper-n32k2e-0 irXinp"
  onClick={[Function]}
  style={Object {}}
>
  <div
    style={Object {}}
  />
  <div
    className="input__InputErrorWrapper-sc-1dz7i8-0 cAUOWl"
  >
    <div
      className="input_wrapper-sc-15hmhfy-0 duFQAu"
      style={Object {}}
    >
      <input
        autoFocus={false}
        className="input_currency__HtmlInput-obstnl-0 cVRLQV"
        disabled={false}
        name="test"
        onBlur={[Function]}
        onChange={[Function]}
        onFocus={[Function]}
        onKeyDown={[Function]}
        onMouseUp={[Function]}
        placeholder=""
        type="text"
        value="â‚¬12,345.00"
      />
    </div>
  </div>
</div>
`;
