// Jest Snapshot v1, https://goo.gl/fbAQLP

exports[`H1 Should Render 1`] = `
<h1
  className="h1-yzcs6s-0 dyoCbE"
>
  Heading 1
</h1>
`;

exports[`H2 Should Render 1`] = `
<h2
  className="h2-ewzs3l-0 BtsSc"
>
  Heading 2
</h2>
`;
